2022-01-27 19:03:32,528 INFO Start of the program
2022-01-27 19:05:05,859 INFO Start of the program
2022-01-27 19:05:20,015 INFO Start of the program
2022-01-27 19:08:47,320 INFO Start of the program
2022-01-27 19:10:13,489 INFO Start of the program
2022-01-27 19:10:58,232 INFO Start of the program
2022-01-27 19:11:23,630 INFO Start of the program
2022-01-27 19:12:16,378 INFO Start of the program
2022-01-27 19:12:26,272 INFO Start of the program
2022-01-27 19:23:42,542 INFO Start of the program
2022-01-27 19:30:44,554 INFO Start of the program
2022-01-27 19:32:01,795 INFO Start of the program
2022-01-27 19:54:00,475 INFO Start of the program
2022-01-27 19:54:20,002 INFO Start of the program
2022-01-27 19:54:50,286 INFO Start of the program
2022-01-27 20:03:58,984 INFO Start of the program
2022-01-27 20:05:13,942 INFO Start of the program
2022-01-27 20:12:22,539 INFO Start of the program
2022-01-27 20:13:55,304 INFO Start of the program
2022-01-27 20:15:49,479 INFO Start of the program
2022-01-27 20:16:46,013 INFO Start of the program
2022-01-27 20:17:11,055 INFO Start of the program
2022-01-27 20:17:26,725 INFO Start of the program
2022-01-27 20:18:12,084 INFO Start of the program
2022-01-27 20:18:17,991 INFO Start of the program
2022-01-27 20:19:02,225 INFO Start of the program
2022-01-27 20:19:25,287 INFO Start of the program
2022-01-27 20:20:27,997 INFO Start of the program
2022-01-27 20:21:15,813 INFO Start of the program
2022-01-27 20:22:39,340 INFO Start of the program
2022-01-27 20:24:05,687 INFO Start of the program
2022-01-27 20:28:04,110 INFO Start of the program
2022-01-27 20:28:33,314 INFO Start of the program
2022-01-27 20:29:28,601 INFO Start of the program
2022-01-27 20:31:08,947 INFO Start of the program
2022-01-27 20:33:13,741 INFO Start of the program
2022-01-27 20:35:49,709 INFO Start of the program
2022-01-27 20:36:28,095 INFO Start of the program
2022-01-28 19:24:18,450 ERROR Error occured Text.insert() missing 1 required positional argument: 'chars'
